// Jest Snapshot v1, https://goo.gl/fbAQLP

exports[`Note render white button properly 1`] = `
.c0 {
  display: block;
  padding: 0;
  border-color: var(--white-hover);
  cursor: pointer;
  height: 200px;
  width: 50px;
  box-shadow: -1px 0 0 var(--white-hover) inset,0 0 5px hsl(0,0%,80%) inset, 0 0 3px var(--black);
  background: linear-gradient(to bottom,hsl(0,0%,93%) 0%,var(--white) 100%);
}

.c0:first-child {
  border-radius: 4px 0 4px 4px;
}

.c0:last-child {
  border-radius: 0 4px 4px 4px;
}

.c0:active {
  border-top: 1px solid #777;
  border-left: 1px solid #999;
  border-bottom: 1px solid #999;
  box-shadow: 2px 0 3px rgba(0,0,0,0.1) inset, -5px 5px 20px rgba(0,0,0,0.2) inset,0 0 3px rgba(0,0,0,0.2);
  background: linear-gradient(to bottom,var(--white) 0%,#e9e9e9 100%);
}

<div>
  <button
    class="c0"
    title="C4"
    type="button"
  />
</div>
`;

exports[`Note renders black button properly 1`] = `
.c0 {
  display: block;
  padding: 0;
  border-color: var(--white-hover);
  cursor: pointer;
  height: 200px;
  width: 50px;
  box-shadow: -1px 0 0 var(--white-hover) inset,0 0 5px hsl(0,0%,80%) inset, 0 0 3px var(--black);
  background: linear-gradient(to bottom,hsl(0,0%,93%) 0%,var(--white) 100%);
}

.c0:first-child {
  border-radius: 4px 0 4px 4px;
}

.c0:last-child {
  border-radius: 0 4px 4px 4px;
}

.c0:active {
  border-top: 1px solid #777;
  border-left: 1px solid #999;
  border-bottom: 1px solid #999;
  box-shadow: 2px 0 3px rgba(0,0,0,0.1) inset, -5px 5px 20px rgba(0,0,0,0.2) inset,0 0 3px rgba(0,0,0,0.2);
  background: linear-gradient(to bottom,var(--white) 0%,#e9e9e9 100%);
}

<div>
  <button
    class="c0"
    title="C4"
    type="button"
  />
</div>
`;
